[debug] [2026-10-04T16:36:51.283Z] ----------------------------------------------------------------------
[debug] [2026-10-04T16:36:51.286Z] Command:       /usr/bin/node /usr/bin/firebase deploy --only hosting --project habbittracker-43106
[debug] [2026-10-04T16:36:51.286Z] CLI Version:   15.28.1
[debug] [2026-10-04T16:36:51.286Z] Platform:      linux
[debug] [2026-10-04T16:36:51.286Z] Node Version:  v26.9.0
[debug] [2026-10-04T16:36:51.286Z] Detected Agent: antigravity
[debug] [2026-10-04T16:36:51.286Z] Time:          Sun Oct 04 2026 22:36:51 GMT+0600 (Bangladesh Standard Time)
[debug] [2026-10-04T16:36:51.286Z] ----------------------------------------------------------------------
[debug] 
[debug] [2026-10-04T16:36:51.838Z] > command requires scopes: ["email","openid","https://www.googleapis.com/auth/cloudplatformprojects.readonly","https://www.googleapis.com/auth/firebase","https://www.googleapis.com/auth/cloud-platform"]
[debug] [2026-10-04T16:36:51.838Z] > authorizing via signed-in user (rwarieal@gmail.com)
[debug] [2026-10-04T16:36:51.838Z] [iam] checking project habbittracker-43106 for permissions ["firebase.projects.get","firebasehosting.sites.update"]
[debug] [2026-10-04T16:36:51.847Z] Checked if tokens are valid: true, expires at: 1791133808311
[debug] [2026-10-04T16:36:51.848Z] Checked if tokens are valid: true, expires at: 1791133808311
[debug] [2026-10-04T16:36:51.848Z] >>> [apiv2][query] POST https://cloudresourcemanager.googleapis.com/v1/projects/habbittracker-43106:testIamPermissions [none]
[debug] [2026-10-04T16:36:51.848Z] >>> [apiv2][(partial)header] POST https://cloudresourcemanager.googleapis.com/v1/projects/habbittracker-43106:testIamPermissions  x-goog-user-project=habbittracker-43106
[debug] [2026-10-04T16:36:51.848Z] >>> [apiv2][body] POST https://cloudresourcemanager.googleapis.com/v1/projects/habbittracker-43106:testIamPermissions {"permissions":["firebase.projects.get","firebasehosting.sites.update"]}
[debug] [2026-10-04T16:36:53.606Z] <<< [apiv2][status] POST https://cloudresourcemanager.googleapis.com/v1/projects/habbittracker-43106:testIamPermissions 200
[debug] [2026-10-04T16:36:53.606Z] <<< [apiv2][body] POST https://cloudresourcemanager.googleapis.com/v1/projects/habbittracker-43106:testIamPermissions {"permissions":["firebase.projects.get","firebasehosting.sites.update"]}
[debug] [2026-10-04T16:36:53.606Z] Checked if tokens are valid: true, expires at: 1791133808311
[debug] [2026-10-04T16:36:53.606Z] Checked if tokens are valid: true, expires at: 1791133808311
[debug] [2026-10-04T16:36:53.606Z] >>> [apiv2][query] GET https://firebase.googleapis.com/v1beta1/projects/habbittracker-43106 [none]
[debug] [2026-10-04T16:36:54.156Z] <<< [apiv2][status] GET https://firebase.googleapis.com/v1beta1/projects/habbittracker-43106 200
[debug] [2026-10-04T16:36:54.157Z] <<< [apiv2][body] GET https://firebase.googleapis.com/v1beta1/projects/habbittracker-43106 {"projectId":"habbittracker-43106","projectNumber":"842235445213","displayName":"HabbitTracker","name":"projects/habbittracker-43106","resources":{"hostingSite":"habbittracker-43106"},"state":"ACTIVE","labels":{"firebase":"enabled"},"etag":"1_23b9d975-da29-4928-955b-e35245bdd404"}
[info] 
[info] === Deploying to 'habbittracker-43106'...
[info] 
[info] i  deploying hosting 
[debug] [2026-10-04T16:36:54.159Z] Checked if tokens are valid: true, expires at: 1791133808311
[debug] [2026-10-04T16:36:54.159Z] Checked if tokens are valid: true, expires at: 1791133808311
[debug] [2026-10-04T16:36:54.159Z] >>> [apiv2][query] GET https://firebasehosting.googleapis.com/v1beta1/projects/habbittracker-43106/sites/habbittracker-43106 [none]
[debug] [2026-10-04T16:36:55.312Z] <<< [apiv2][status] GET https://firebasehosting.googleapis.com/v1beta1/projects/habbittracker-43106/sites/habbittracker-43106 200
[debug] [2026-10-04T16:36:55.312Z] <<< [apiv2][body] GET https://firebasehosting.googleapis.com/v1beta1/projects/habbittracker-43106/sites/habbittracker-43106 {"name":"projects/habbittracker-43106/sites/habbittracker-43106","defaultUrl":"https://habbittracker-43106.web.app","type":"DEFAULT_SITE"}
[debug] [2026-10-04T16:36:55.313Z] Checked if tokens are valid: true, expires at: 1791133808311
[debug] [2026-10-04T16:36:55.313Z] Checked if tokens are valid: true, expires at: 1791133808311
[debug] [2026-10-04T16:36:55.314Z] >>> [apiv2][query] POST https://firebasehosting.googleapis.com/v1beta1/projects/-/sites/habbittracker-43106/versions [none]
[debug] [2026-10-04T16:36:55.314Z] >>> [apiv2][body] POST https://firebasehosting.googleapis.com/v1beta1/projects/-/sites/habbittracker-43106/versions {"status":"CREATED","labels":{"deployment-tool":"cli-firebase"}}
[debug] [2026-10-04T16:36:56.313Z] <<< [apiv2][status] POST https://firebasehosting.googleapis.com/v1beta1/projects/-/sites/habbittracker-43106/versions 200
[debug] [2026-10-04T16:36:56.313Z] <<< [apiv2][body] POST https://firebasehosting.googleapis.com/v1beta1/projects/-/sites/habbittracker-43106/versions {"name":"projects/842235445213/sites/habbittracker-43106/versions/bf4458d4a3a99fb4","status":"CREATED","config":{},"labels":{"deployment-tool":"cli-firebase"}}
[info] i  hosting[habbittracker-43106]: beginning deploy... 
[info] i  hosting[habbittracker-43106]: found 51 files in out 
[debug] [2026-10-04T16:36:56.324Z] [hosting] uploading with 200 concurrency
[debug] [2026-10-04T16:36:56.405Z] Checked if tokens are valid: true, expires at: 1791133808311
[debug] [2026-10-04T16:36:56.405Z] Checked if tokens are valid: true, expires at: 1791133808311
[debug] [2026-10-04T16:36:56.405Z] [hosting] hash cache [b3V0] stored for 51 files
[debug] [2026-10-04T16:36:56.406Z] [hosting][hash queue][FINAL] {"max":76,"min":17,"avg":31.470588235294116,"active":0,"complete":51,"success":51,"errored":0,"retried":0,"total":51,"elapsed":81}
[debug] [2026-10-04T16:36:56.406Z] >>> [apiv2][query] POST https://firebasehosting.googleapis.com/v1beta1/projects/842235445213/sites/habbittracker-43106/versions/bf4458d4a3a99fb4:populateFiles [none]
[debug] [2026-10-04T16:36:56.406Z] >>> [apiv2][body] POST https://firebasehosting.googleapis.com/v1beta1/projects/842235445213/sites/habbittracker-43106/versions/bf4458d4a3a99fb4:populateFiles {"files":{"/window.svg":"2253803a9bd224dd3fbe414027f54ff9edbe1a38bc0980826e020165b0b35d1c","/vercel.svg":"f6d5e3a78f79382f472d99da714537458bf7616f60d251e7c98dd24977504709","/today.txt":"7459de0ba738179eeb679e88ed9f5aae197861d3eed1d5b766fb20de114ef500","/settings.txt":"2fa56b89a41f3acad394e7401c514869e8d0f349c0921fa2d8335aa1bff7979f","/today.html":"06f4b458b8ec8954b4bad09ff4072f0b946471efd05d12d8ebb91b5957a1c26d","/next.svg":"69fb75aede79b670cc3a774cf34561364d373632c78ed59342781868b751d105","/settings.html":"39dfc5a1f6bc283bd7b3b15ef2bd3e339ce283631ddb18638d64efd67ca3b898","/login.txt":"0530d821d786ad67746e46ae250ff429ac3fd6ffc2d14e83e2309b69ac1d3ecb","/index.txt":"d9723375262bc8581b640109a36b2be38c13f84c5e515c2747503daa23cf6bd3","/login.html":"fdec4198feabf52bff01a439f0d3e052a0de15557eee949e25a0fc776d693ec9","/index.html":"13eb1c8a6882ad926dd9d86b29a40f5a2732348db6cecf7aa332cfc08c183547","/file.svg":"d4177f44c939a634e7984d267852a06c4ca557a9e49ba3c5dadabbcbf5508058","/_not-found.txt":"94a4a2596cea3480177f9c518286f315dae55abfb0592ddbec33eef8fad77a79","/__next._tree.txt":"a364427827212143a6d1b3cb9262985b71be82419d4f5bdcddaffb49c5b1ce99","/_not-found.html":"d74cde6e8b51a31d07a7ca01f758916227e5e6ccfc6958a9850e20f7361f6b17","/__next.__PAGE__.txt":"44dfbf4a09f9f3c1ba63083b6c95e4c26989040e5f8185d68d97c47c2b561cc3","/__next._full.txt":"d9723375262bc8581b640109a36b2be38c13f84c5e515c2747503daa23cf6bd3","/today/__next._tree.txt":"cfaf9e22b512138f365bf7c8a77ec066bee12a553e320d3f4310f25fdc0af5ce","/404.html":"d74cde6e8b51a31d07a7ca01f758916227e5e6ccfc6958a9850e20f7361f6b17","/today/__next._full.txt":"7459de0ba738179eeb679e88ed9f5aae197861d3eed1d5b766fb20de114ef500","/today/__next.!KGFwcCk.today.__PAGE__.txt":"f79c16a452fe8e29afe307e06d20a8f01e7c089b84d0ba1e64d14a3daf8a9e02","/settings/__next._tree.txt":"5690be84b3cfdff87b96734f393aeef26c1b76540301b30b2b00925e809568ec","/settings/__next.!KGFwcCk.settings.__PAGE__.txt":"76a7521f437da6d63543477571c784828a5019d68959061df054587993b9d48e","/login/__next.login.__PAGE__.txt":"ef135687b12601bd81bf23ea8c0d48b15259636ba0eb281a9f1e7799b9a839c4","/settings/__next._full.txt":"2fa56b89a41f3acad394e7401c514869e8d0f349c0921fa2d8335aa1bff7979f","/login/__next._tree.txt":"f18ae7bc2418f9974ddcaa5714821f44ffb52c18f3e63113f8d34b7d9f83eb9f","/login/__next._full.txt":"0530d821d786ad67746e46ae250ff429ac3fd6ffc2d14e83e2309b69ac1d3ecb","/_not-found/__next._tree.txt":"08bc02253416f9d8865f8d87e1ef3da6368a22a0a9cd300dd426271e7245c702","/_not-found/__next._not-found.__PAGE__.txt":"767a412d2bfa8388be19770f344d943437fcd45ae95c8d3a618ef38367ea26de","/_not-found/__next._full.txt":"94a4a2596cea3480177f9c518286f315dae55abfb0592ddbec33eef8fad77a79","/_next/static/media/favicon.2vob68tjqpejf.ico":"5db0637b966864c2b8352a84a6b4438360f6077c725b29aaaf80be894a69c118","/globe.svg":"45be2550c6161f1d10d3e58afc08d8dff018574d05f19bf2dc6aa382b8c5d6e5","/_next/static/chunks/turbopack-16av0o3k8_32f.js":"df459815cbbda9158b097dc5da276bf14349cc973efe9819cb7c326ed4b7d4b8","/_next/static/chunks/3fntmmi971322.js":"12cc237dc45c7e80d8160eb7e6e35d4a27304569e8cd2725067bae8031816781","/_next/static/chunks/310vm2bl3xxpt.js":"473ec4087b358d3a61d46ad2a136e99363d388e432f5d50eacf6b584175b885d","/_next/static/chunks/2qovjgpdhyzm8.js":"9eda4313646bee2c5a0498c026055c88c612a2a99ac596f0aa960501730bd0c2","/_next/static/chunks/2tgbqa3qdbc1d.css":"19e48583889ebdf802717958af0082e7f19dd8352bb0296f23e012740857bdc7","/_next/static/chunks/1dxhczmvcgtaz.js":"502011a575abe40e86a53012412d83dc68be9515d0ccaeda0d4de5941d4cb5cd","/_next/static/chunks/2mmpezlrfmbu5.js":"ed2f7b93d8a6f332efe877a026f1e5196f0158b2acc923e016caa4003f534429","/_next/static/chunks/1c4-_0ojzwmid.js":"93392542206658a92f86da54253f8ffba418f8681c7d5e74a7ee864a5ebd2b57","/_next/static/chunks/04pflywb2w98u.js":"8e3eadcfffc408f26b25254e1a8fd1361c9772e0125493249550dab74aa84710","/_next/static/YVjXc4L0tRWm8DcXs0NiU/_ssgManifest.js":"d8d8790f4e673a23bec506f00699bed8a258ac0e4965bb1ca8598172cfc0ec97","/_next/static/YVjXc4L0tRWm8DcXs0NiU/_clientMiddlewareManifest.js":"2631856c85d9b699e000e7d40645259aafc1454d09f58f6ff9f9b13bfce1d552","/_next/static/media/481eac7be1c268b7-s.1shg3f9j2jih-.woff2":"6dc8d9cca6af0b47998edc01a5e80c9f7a969125a07d03af8ea0882a8c58928b","/favicon.ico":"5db0637b966864c2b8352a84a6b4438360f6077c725b29aaaf80be894a69c118","/_next/static/media/31a9145ccb84606d-s.p.3j3x29wbycqkn.woff2":"5616dfe3fc0c534fe84898acbe357a2c1ac44f19f12b592e01e5c769d28ab1b4","/_next/static/YVjXc4L0tRWm8DcXs0NiU/_buildManifest.js":"ab95fd219bf908b88ed3180a610f5ee73608eee48bdb78beeef442208865e23a","/_next/static/chunks/0cz1d0mv5g_q7.js":"16c0f345b71fe8e15659e330817da31529a0b752ea1d0115262d9de75fa7c618","/_next/static/chunks/2kya95f44w60a.js":"ff97f9cf266b1a9a81191edccfad83ab45c11048bfa2b7a354cee0fdf97078b6","/_next/static/chunks/1rj7ns8rte9vc.js":"cd9335b0daad49bdb5efe3291e3f21ed2718e4e1f74a12e77d6ed07baef59819","/_next/static/chunks/1nrj_nqq8e7gq.js":"fadd977822b306e47e16b9e630565dbbcd540b62564fc531f2363873cdf4ba1a"}}
[debug] [2026-10-04T16:36:57.212Z] <<< [apiv2][status] POST https://firebasehosting.googleapis.com/v1beta1/projects/842235445213/sites/habbittracker-43106/versions/bf4458d4a3a99fb4:populateFiles 200
[debug] [2026-10-04T16:36:57.212Z] <<< [apiv2][body] POST https://firebasehosting.googleapis.com/v1beta1/projects/842235445213/sites/habbittracker-43106/versions/bf4458d4a3a99fb4:populateFiles {"uploadRequiredHashes":["d9723375262bc8581b640109a36b2be38c13f84c5e515c2747503daa23cf6bd3","f18ae7bc2418f9974ddcaa5714821f44ffb52c18f3e63113f8d34b7d9f83eb9f","5690be84b3cfdff87b96734f393aeef26c1b76540301b30b2b00925e809568ec","08bc02253416f9d8865f8d87e1ef3da6368a22a0a9cd300dd426271e7245c702","cfaf9e22b512138f365bf7c8a77ec066bee12a553e320d3f4310f25fdc0af5ce","ef135687b12601bd81bf23ea8c0d48b15259636ba0eb281a9f1e7799b9a839c4","7459de0ba738179eeb679e88ed9f5aae197861d3eed1d5b766fb20de114ef500","f79c16a452fe8e29afe307e06d20a8f01e7c089b84d0ba1e64d14a3daf8a9e02","2fa56b89a41f3acad394e7401c514869e8d0f349c0921fa2d8335aa1bff7979f","fadd977822b306e47e16b9e630565dbbcd540b62564fc531f2363873cdf4ba1a","0530d821d786ad67746e46ae250ff429ac3fd6ffc2d14e83e2309b69ac1d3ecb","a364427827212143a6d1b3cb9262985b71be82419d4f5bdcddaffb49c5b1ce99","93392542206658a92f86da54253f8ffba418f8681c7d5e74a7ee864a5ebd2b57","44dfbf4a09f9f3c1ba63083b6c95e4c26989040e5f8185d68d97c47c2b561cc3","39dfc5a1f6bc283bd7b3b15ef2bd3e339ce283631ddb18638d64efd67ca3b898","502011a575abe40e86a53012412d83dc68be9515d0ccaeda0d4de5941d4cb5cd","19e48583889ebdf802717958af0082e7f19dd8352bb0296f23e012740857bdc7","d74cde6e8b51a31d07a7ca01f758916227e5e6ccfc6958a9850e20f7361f6b17","13eb1c8a6882ad926dd9d86b29a40f5a2732348db6cecf7aa332cfc08c183547","767a412d2bfa8388be19770f344d943437fcd45ae95c8d3a618ef38367ea26de","fdec4198feabf52bff01a439f0d3e052a0de15557eee949e25a0fc776d693ec9","9eda4313646bee2c5a0498c026055c88c612a2a99ac596f0aa960501730bd0c2","76a7521f437da6d63543477571c784828a5019d68959061df054587993b9d48e","06f4b458b8ec8954b4bad09ff4072f0b946471efd05d12d8ebb91b5957a1c26d","94a4a2596cea3480177f9c518286f315dae55abfb0592ddbec33eef8fad77a79"],"uploadUrl":"https://upload-firebasehosting.googleapis.com/upload/sites/habbittracker-43106/versions/bf4458d4a3a99fb4/files"}
[debug] [2026-10-04T16:36:57.213Z] Checked if tokens are valid: true, expires at: 1791133808311
[debug] [2026-10-04T16:36:57.213Z] Checked if tokens are valid: true, expires at: 1791133808311
[debug] [2026-10-04T16:36:57.213Z] Checked if tokens are valid: true, expires at: 1791133808311
[debug] [2026-10-04T16:36:57.213Z] Checked if tokens are valid: true, expires at: 1791133808311
[debug] [2026-10-04T16:36:57.213Z] Checked if tokens are valid: true, expires at: 1791133808311
[debug] [2026-10-04T16:36:57.213Z] Checked if tokens are valid: true, expires at: 1791133808311
[debug] [2026-10-04T16:36:57.213Z] Checked if tokens are valid: true, expires at: 1791133808311
[debug] [2026-10-04T16:36:57.213Z] Checked if tokens are valid: true, expires at: 1791133808311
[debug] [2026-10-04T16:36:57.214Z] Checked if tokens are valid: true, expires at: 1791133808311
[debug] [2026-10-04T16:36:57.214Z] Checked if tokens are valid: true, expires at: 1791133808311
[debug] [2026-10-04T16:36:57.214Z] Checked if tokens are valid: true, expires at: 1791133808311
[debug] [2026-10-04T16:36:57.214Z] Checked if tokens are valid: true, expires at: 1791133808311
[debug] [2026-10-04T16:36:57.214Z] Checked if tokens are valid: true, expires at: 1791133808311
[debug] [2026-10-04T16:36:57.214Z] Checked if tokens are valid: true, expires at: 1791133808311
[debug] [2026-10-04T16:36:57.214Z] Checked if tokens are valid: true, expires at: 1791133808311
[debug] [2026-10-04T16:36:57.214Z] Checked if tokens are valid: true, expires at: 1791133808311
[debug] [2026-10-04T16:36:57.214Z] Checked if tokens are valid: true, expires at: 1791133808311
[debug] [2026-10-04T16:36:57.214Z] Checked if tokens are valid: true, expires at: 1791133808311
[debug] [2026-10-04T16:36:57.214Z] Checked if tokens are valid: true, expires at: 1791133808311
[debug] [2026-10-04T16:36:57.214Z] Checked if tokens are valid: true, expires at: 1791133808311
[debug] [2026-10-04T16:36:57.215Z] Checked if tokens are valid: true, expires at: 1791133808311
[debug] [2026-10-04T16:36:57.215Z] Checked if tokens are valid: true, expires at: 1791133808311
[debug] [2026-10-04T16:36:57.215Z] Checked if tokens are valid: true, expires at: 1791133808311
[debug] [2026-10-04T16:36:57.215Z] Checked if tokens are valid: true, expires at: 1791133808311
[debug] [2026-10-04T16:36:57.215Z] Checked if tokens are valid: true, expires at: 1791133808311
[debug] [2026-10-04T16:36:57.215Z] Checked if tokens are valid: true, expires at: 1791133808311
[debug] [2026-10-04T16:36:57.215Z] Checked if tokens are valid: true, expires at: 1791133808311
[debug] [2026-10-04T16:36:57.215Z] Checked if tokens are valid: true, expires at: 1791133808311
[debug] [2026-10-04T16:36:57.215Z] Checked if tokens are valid: true, expires at: 1791133808311
[debug] [2026-10-04T16:36:57.215Z] Checked if tokens are valid: true, expires at: 1791133808311
[debug] [2026-10-04T16:36:57.215Z] Checked if tokens are valid: true, expires at: 1791133808311
[debug] [2026-10-04T16:36:57.215Z] Checked if tokens are valid: true, expires at: 1791133808311
[debug] [2026-10-04T16:36:57.216Z] Checked if tokens are valid: true, expires at: 1791133808311
[debug] [2026-10-04T16:36:57.216Z] Checked if tokens are valid: true, expires at: 1791133808311
[debug] [2026-10-04T16:36:57.216Z] Checked if tokens are valid: true, expires at: 1791133808311
[debug] [2026-10-04T16:36:57.216Z] Checked if tokens are valid: true, expires at: 1791133808311
[debug] [2026-10-04T16:36:57.216Z] Checked if tokens are valid: true, expires at: 1791133808311
[debug] [2026-10-04T16:36:57.216Z] Checked if tokens are valid: true, expires at: 1791133808311
[debug] [2026-10-04T16:36:57.216Z] Checked if tokens are valid: true, expires at: 1791133808311
[debug] [2026-10-04T16:36:57.216Z] Checked if tokens are valid: true, expires at: 1791133808311
[debug] [2026-10-04T16:36:57.216Z] Checked if tokens are valid: true, expires at: 1791133808311
[debug] [2026-10-04T16:36:57.216Z] Checked if tokens are valid: true, expires at: 1791133808311
[debug] [2026-10-04T16:36:57.216Z] Checked if tokens are valid: true, expires at: 1791133808311
[debug] [2026-10-04T16:36:57.216Z] Checked if tokens are valid: true, expires at: 1791133808311
[debug] [2026-10-04T16:36:57.216Z] Checked if tokens are valid: true, expires at: 1791133808311
[debug] [2026-10-04T16:36:57.216Z] Checked if tokens are valid: true, expires at: 1791133808311
[debug] [2026-10-04T16:36:57.217Z] Checked if tokens are valid: true, expires at: 1791133808311
[debug] [2026-10-04T16:36:57.217Z] Checked if tokens are valid: true, expires at: 1791133808311
[debug] [2026-10-04T16:36:57.217Z] Checked if tokens are valid: true, expires at: 1791133808311
[debug] [2026-10-04T16:36:57.217Z] Checked if tokens are valid: true, expires at: 1791133808311
[debug] [2026-10-04T16:36:57.217Z] >>> [apiv2][query] POST https://upload-firebasehosting.googleapis.com/upload/sites/habbittracker-43106/versions/bf4458d4a3a99fb4/files/d9723375262bc8581b640109a36b2be38c13f84c5e515c2747503daa23cf6bd3 [none]
[debug] [2026-10-04T16:36:57.217Z] >>> [apiv2][body] POST https://upload-firebasehosting.googleapis.com/upload/sites/habbittracker-43106/versions/bf4458d4a3a99fb4/files/d9723375262bc8581b640109a36b2be38c13f84c5e515c2747503daa23cf6bd3 [stream]
[debug] [2026-10-04T16:36:57.218Z] >>> [apiv2][query] POST https://upload-firebasehosting.googleapis.com/upload/sites/habbittracker-43106/versions/bf4458d4a3a99fb4/files/f18ae7bc2418f9974ddcaa5714821f44ffb52c18f3e63113f8d34b7d9f83eb9f [none]
[debug] [2026-10-04T16:36:57.219Z] >>> [apiv2][body] POST https://upload-firebasehosting.googleapis.com/upload/sites/habbittracker-43106/versions/bf4458d4a3a99fb4/files/f18ae7bc2418f9974ddcaa5714821f44ffb52c18f3e63113f8d34b7d9f83eb9f [stream]
[debug] [2026-10-04T16:36:57.219Z] >>> [apiv2][query] POST https://upload-firebasehosting.googleapis.com/upload/sites/habbittracker-43106/versions/bf4458d4a3a99fb4/files/5690be84b3cfdff87b96734f393aeef26c1b76540301b30b2b00925e809568ec [none]
[debug] [2026-10-04T16:36:57.219Z] >>> [apiv2][body] POST https://upload-firebasehosting.googleapis.com/upload/sites/habbittracker-43106/versions/bf4458d4a3a99fb4/files/5690be84b3cfdff87b96734f393aeef26c1b76540301b30b2b00925e809568ec [stream]
[debug] [2026-10-04T16:36:57.220Z] >>> [apiv2][query] POST https://upload-firebasehosting.googleapis.com/upload/sites/habbittracker-43106/versions/bf4458d4a3a99fb4/files/08bc02253416f9d8865f8d87e1ef3da6368a22a0a9cd300dd426271e7245c702 [none]
[debug] [2026-10-04T16:36:57.220Z] >>> [apiv2][body] POST https://upload-firebasehosting.googleapis.com/upload/sites/habbittracker-43106/versions/bf4458d4a3a99fb4/files/08bc02253416f9d8865f8d87e1ef3da6368a22a0a9cd300dd426271e7245c702 [stream]
[debug] [2026-10-04T16:36:57.221Z] >>> [apiv2][query] POST https://upload-firebasehosting.googleapis.com/upload/sites/habbittracker-43106/versions/bf4458d4a3a99fb4/files/cfaf9e22b512138f365bf7c8a77ec066bee12a553e320d3f4310f25fdc0af5ce [none]
[debug] [2026-10-04T16:36:57.221Z] >>> [apiv2][body] POST https://upload-firebasehosting.googleapis.com/upload/sites/habbittracker-43106/versions/bf4458d4a3a99fb4/files/cfaf9e22b512138f365bf7c8a77ec066bee12a553e320d3f4310f25fdc0af5ce [stream]
[debug] [2026-10-04T16:36:57.222Z] >>> [apiv2][query] POST https://upload-firebasehosting.googleapis.com/upload/sites/habbittracker-43106/versions/bf4458d4a3a99fb4/files/ef135687b12601bd81bf23ea8c0d48b15259636ba0eb281a9f1e7799b9a839c4 [none]
[debug] [2026-10-04T16:36:57.222Z] >>> [apiv2][body] POST https://upload-firebasehosting.googleapis.com/upload/sites/habbittracker-43106/versions/bf4458d4a3a99fb4/files/ef135687b12601bd81bf23ea8c0d48b15259636ba0eb281a9f1e7799b9a839c4 [stream]
[debug] [2026-10-04T16:36:57.222Z] >>> [apiv2][query] POST https://upload-firebasehosting.googleapis.com/upload/sites/habbittracker-43106/versions/bf4458d4a3a99fb4/files/7459de0ba738179eeb679e88ed9f5aae197861d3eed1d5b766fb20de114ef500 [none]
[debug] [2026-10-04T16:36:57.222Z] >>> [apiv2][body] POST https://upload-firebasehosting.googleapis.com/upload/sites/habbittracker-43106/versions/bf4458d4a3a99fb4/files/7459de0ba738179eeb679e88ed9f5aae197861d3eed1d5b766fb20de114ef500 [stream]
[debug] [2026-10-04T16:36:57.222Z] >>> [apiv2][query] POST https://upload-firebasehosting.googleapis.com/upload/sites/habbittracker-43106/versions/bf4458d4a3a99fb4/files/f79c16a452fe8e29afe307e06d20a8f01e7c089b84d0ba1e64d14a3daf8a9e02 [none]
[debug] [2026-10-04T16:36:57.223Z] >>> [apiv2][body] POST https://upload-firebasehosting.googleapis.com/upload/sites/habbittracker-43106/versions/bf4458d4a3a99fb4/files/f79c16a452fe8e29afe307e06d20a8f01e7c089b84d0ba1e64d14a3daf8a9e02 [stream]
[debug] [2026-10-04T16:36:57.223Z] >>> [apiv2][query] POST https://upload-firebasehosting.googleapis.com/upload/sites/habbittracker-43106/versions/bf4458d4a3a99fb4/files/2fa56b89a41f3acad394e7401c514869e8d0f349c0921fa2d8335aa1bff7979f [none]
[debug] [2026-10-04T16:36:57.223Z] >>> [apiv2][body] POST https://upload-firebasehosting.googleapis.com/upload/sites/habbittracker-43106/versions/bf4458d4a3a99fb4/files/2fa56b89a41f3acad394e7401c514869e8d0f349c0921fa2d8335aa1bff7979f [stream]
[debug] [2026-10-04T16:36:57.223Z] >>> [apiv2][query] POST https://upload-firebasehosting.googleapis.com/upload/sites/habbittracker-43106/versions/bf4458d4a3a99fb4/files/fadd977822b306e47e16b9e630565dbbcd540b62564fc531f2363873cdf4ba1a [none]
[debug] [2026-10-04T16:36:57.223Z] >>> [apiv2][body] POST https://upload-firebasehosting.googleapis.com/upload/sites/habbittracker-43106/versions/bf4458d4a3a99fb4/files/fadd977822b306e47e16b9e630565dbbcd540b62564fc531f2363873cdf4ba1a [stream]
[debug] [2026-10-04T16:36:57.223Z] >>> [apiv2][query] POST https://upload-firebasehosting.googleapis.com/upload/sites/habbittracker-43106/versions/bf4458d4a3a99fb4/files/0530d821d786ad67746e46ae250ff429ac3fd6ffc2d14e83e2309b69ac1d3ecb [none]
[debug] [2026-10-04T16:36:57.223Z] >>> [apiv2][body] POST https://upload-firebasehosting.googleapis.com/upload/sites/habbittracker-43106/versions/bf4458d4a3a99fb4/files/0530d821d786ad67746e46ae250ff429ac3fd6ffc2d14e83e2309b69ac1d3ecb [stream]
[debug] [2026-10-04T16:36:57.224Z] >>> [apiv2][query] POST https://upload-firebasehosting.googleapis.com/upload/sites/habbittracker-43106/versions/bf4458d4a3a99fb4/files/a364427827212143a6d1b3cb9262985b71be82419d4f5bdcddaffb49c5b1ce99 [none]
[debug] [2026-10-04T16:36:57.224Z] >>> [apiv2][body] POST https://upload-firebasehosting.googleapis.com/upload/sites/habbittracker-43106/versions/bf4458d4a3a99fb4/files/a364427827212143a6d1b3cb9262985b71be82419d4f5bdcddaffb49c5b1ce99 [stream]
[debug] [2026-10-04T16:36:57.224Z] >>> [apiv2][query] POST https://upload-firebasehosting.googleapis.com/upload/sites/habbittracker-43106/versions/bf4458d4a3a99fb4/files/93392542206658a92f86da54253f8ffba418f8681c7d5e74a7ee864a5ebd2b57 [none]
[debug] [2026-10-04T16:36:57.224Z] >>> [apiv2][body] POST https://upload-firebasehosting.googleapis.com/upload/sites/habbittracker-43106/versions/bf4458d4a3a99fb4/files/93392542206658a92f86da54253f8ffba418f8681c7d5e74a7ee864a5ebd2b57 [stream]
[debug] [2026-10-04T16:36:57.224Z] >>> [apiv2][query] POST https://upload-firebasehosting.googleapis.com/upload/sites/habbittracker-43106/versions/bf4458d4a3a99fb4/files/44dfbf4a09f9f3c1ba63083b6c95e4c26989040e5f8185d68d97c47c2b561cc3 [none]
[debug] [2026-10-04T16:36:57.224Z] >>> [apiv2][body] POST https://upload-firebasehosting.googleapis.com/upload/sites/habbittracker-43106/versions/bf4458d4a3a99fb4/files/44dfbf4a09f9f3c1ba63083b6c95e4c26989040e5f8185d68d97c47c2b561cc3 [stream]
[debug] [2026-10-04T16:36:57.225Z] >>> [apiv2][query] POST https://upload-firebasehosting.googleapis.com/upload/sites/habbittracker-43106/versions/bf4458d4a3a99fb4/files/39dfc5a1f6bc283bd7b3b15ef2bd3e339ce283631ddb18638d64efd67ca3b898 [none]
[debug] [2026-10-04T16:36:57.225Z] >>> [apiv2][body] POST https://upload-firebasehosting.googleapis.com/upload/sites/habbittracker-43106/versions/bf4458d4a3a99fb4/files/39dfc5a1f6bc283bd7b3b15ef2bd3e339ce283631ddb18638d64efd67ca3b898 [stream]
[debug] [2026-10-04T16:36:57.225Z] >>> [apiv2][query] POST https://upload-firebasehosting.googleapis.com/upload/sites/habbittracker-43106/versions/bf4458d4a3a99fb4/files/502011a575abe40e86a53012412d83dc68be9515d0ccaeda0d4de5941d4cb5cd [none]
[debug] [2026-10-04T16:36:57.225Z] >>> [apiv2][body] POST https://upload-firebasehosting.googleapis.com/upload/sites/habbittracker-43106/versions/bf4458d4a3a99fb4/files/502011a575abe40e86a53012412d83dc68be9515d0ccaeda0d4de5941d4cb5cd [stream]
[debug] [2026-10-04T16:36:57.225Z] >>> [apiv2][query] POST https://upload-firebasehosting.googleapis.com/upload/sites/habbittracker-43106/versions/bf4458d4a3a99fb4/files/19e48583889ebdf802717958af0082e7f19dd8352bb0296f23e012740857bdc7 [none]
[debug] [2026-10-04T16:36:57.225Z] >>> [apiv2][body] POST https://upload-firebasehosting.googleapis.com/upload/sites/habbittracker-43106/versions/bf4458d4a3a99fb4/files/19e48583889ebdf802717958af0082e7f19dd8352bb0296f23e012740857bdc7 [stream]
[debug] [2026-10-04T16:36:57.225Z] >>> [apiv2][query] POST https://upload-firebasehosting.googleapis.com/upload/sites/habbittracker-43106/versions/bf4458d4a3a99fb4/files/d74cde6e8b51a31d07a7ca01f758916227e5e6ccfc6958a9850e20f7361f6b17 [none]
[debug] [2026-10-04T16:36:57.225Z] >>> [apiv2][body] POST https://upload-firebasehosting.googleapis.com/upload/sites/habbittracker-43106/versions/bf4458d4a3a99fb4/files/d74cde6e8b51a31d07a7ca01f758916227e5e6ccfc6958a9850e20f7361f6b17 [stream]
[debug] [2026-10-04T16:36:57.225Z] >>> [apiv2][query] POST https://upload-firebasehosting.googleapis.com/upload/sites/habbittracker-43106/versions/bf4458d4a3a99fb4/files/13eb1c8a6882ad926dd9d86b29a40f5a2732348db6cecf7aa332cfc08c183547 [none]
[debug] [2026-10-04T16:36:57.225Z] >>> [apiv2][body] POST https://upload-firebasehosting.googleapis.com/upload/sites/habbittracker-43106/versions/bf4458d4a3a99fb4/files/13eb1c8a6882ad926dd9d86b29a40f5a2732348db6cecf7aa332cfc08c183547 [stream]
[debug] [2026-10-04T16:36:57.226Z] >>> [apiv2][query] POST https://upload-firebasehosting.googleapis.com/upload/sites/habbittracker-43106/versions/bf4458d4a3a99fb4/files/767a412d2bfa8388be19770f344d943437fcd45ae95c8d3a618ef38367ea26de [none]
[debug] [2026-10-04T16:36:57.226Z] >>> [apiv2][body] POST https://upload-firebasehosting.googleapis.com/upload/sites/habbittracker-43106/versions/bf4458d4a3a99fb4/files/767a412d2bfa8388be19770f344d943437fcd45ae95c8d3a618ef38367ea26de [stream]
[debug] [2026-10-04T16:36:57.226Z] >>> [apiv2][query] POST https://upload-firebasehosting.googleapis.com/upload/sites/habbittracker-43106/versions/bf4458d4a3a99fb4/files/fdec4198feabf52bff01a439f0d3e052a0de15557eee949e25a0fc776d693ec9 [none]
[debug] [2026-10-04T16:36:57.226Z] >>> [apiv2][body] POST https://upload-firebasehosting.googleapis.com/upload/sites/habbittracker-43106/versions/bf4458d4a3a99fb4/files/fdec4198feabf52bff01a439f0d3e052a0de15557eee949e25a0fc776d693ec9 [stream]
[debug] [2026-10-04T16:36:57.226Z] >>> [apiv2][query] POST https://upload-firebasehosting.googleapis.com/upload/sites/habbittracker-43106/versions/bf4458d4a3a99fb4/files/9eda4313646bee2c5a0498c026055c88c612a2a99ac596f0aa960501730bd0c2 [none]
[debug] [2026-10-04T16:36:57.226Z] >>> [apiv2][body] POST https://upload-firebasehosting.googleapis.com/upload/sites/habbittracker-43106/versions/bf4458d4a3a99fb4/files/9eda4313646bee2c5a0498c026055c88c612a2a99ac596f0aa960501730bd0c2 [stream]
[debug] [2026-10-04T16:36:57.226Z] >>> [apiv2][query] POST https://upload-firebasehosting.googleapis.com/upload/sites/habbittracker-43106/versions/bf4458d4a3a99fb4/files/76a7521f437da6d63543477571c784828a5019d68959061df054587993b9d48e [none]
[debug] [2026-10-04T16:36:57.226Z] >>> [apiv2][body] POST https://upload-firebasehosting.googleapis.com/upload/sites/habbittracker-43106/versions/bf4458d4a3a99fb4/files/76a7521f437da6d63543477571c784828a5019d68959061df054587993b9d48e [stream]
[debug] [2026-10-04T16:36:57.226Z] >>> [apiv2][query] POST https://upload-firebasehosting.googleapis.com/upload/sites/habbittracker-43106/versions/bf4458d4a3a99fb4/files/06f4b458b8ec8954b4bad09ff4072f0b946471efd05d12d8ebb91b5957a1c26d [none]
[debug] [2026-10-04T16:36:57.226Z] >>> [apiv2][body] POST https://upload-firebasehosting.googleapis.com/upload/sites/habbittracker-43106/versions/bf4458d4a3a99fb4/files/06f4b458b8ec8954b4bad09ff4072f0b946471efd05d12d8ebb91b5957a1c26d [stream]
[debug] [2026-10-04T16:36:57.226Z] >>> [apiv2][query] POST https://upload-firebasehosting.googleapis.com/upload/sites/habbittracker-43106/versions/bf4458d4a3a99fb4/files/94a4a2596cea3480177f9c518286f315dae55abfb0592ddbec33eef8fad77a79 [none]
[debug] [2026-10-04T16:36:57.226Z] >>> [apiv2][body] POST https://upload-firebasehosting.googleapis.com/upload/sites/habbittracker-43106/versions/bf4458d4a3a99fb4/files/94a4a2596cea3480177f9c518286f315dae55abfb0592ddbec33eef8fad77a79 [stream]
[debug] [2026-10-04T16:36:57.233Z] [hosting][populate queue][FINAL] {"max":813,"min":813,"avg":813,"active":0,"complete":1,"success":1,"errored":0,"retried":0,"total":1,"elapsed":829}
[debug] [2026-10-04T16:36:57.233Z] [hosting] uploads queued: 25
[info] i  hosting: uploading new files [0/25] (0%) 
[debug] [2026-10-04T16:36:58.831Z] <<< [apiv2][status] POST https://upload-firebasehosting.googleapis.com/upload/sites/habbittracker-43106/versions/bf4458d4a3a99fb4/files/5690be84b3cfdff87b96734f393aeef26c1b76540301b30b2b00925e809568ec 200
[debug] [2026-10-04T16:36:58.831Z] <<< [apiv2][body] POST https://upload-firebasehosting.googleapis.com/upload/sites/habbittracker-43106/versions/bf4458d4a3a99fb4/files/5690be84b3cfdff87b96734f393aeef26c1b76540301b30b2b00925e809568ec [stream]
[debug] [2026-10-04T16:36:58.942Z] <<< [apiv2][status] POST https://upload-firebasehosting.googleapis.com/upload/sites/habbittracker-43106/versions/bf4458d4a3a99fb4/files/ef135687b12601bd81bf23ea8c0d48b15259636ba0eb281a9f1e7799b9a839c4 200
[debug] [2026-10-04T16:36:58.942Z] <<< [apiv2][body] POST https://upload-firebasehosting.googleapis.com/upload/sites/habbittracker-43106/versions/bf4458d4a3a99fb4/files/ef135687b12601bd81bf23ea8c0d48b15259636ba0eb281a9f1e7799b9a839c4 [stream]
[debug] [2026-10-04T16:36:58.942Z] <<< [apiv2][status] POST https://upload-firebasehosting.googleapis.com/upload/sites/habbittracker-43106/versions/bf4458d4a3a99fb4/files/d9723375262bc8581b640109a36b2be38c13f84c5e515c2747503daa23cf6bd3 200
[debug] [2026-10-04T16:36:58.942Z] <<< [apiv2][body] POST https://upload-firebasehosting.googleapis.com/upload/sites/habbittracker-43106/versions/bf4458d4a3a99fb4/files/d9723375262bc8581b640109a36b2be38c13f84c5e515c2747503daa23cf6bd3 [stream]
[debug] [2026-10-04T16:36:58.979Z] <<< [apiv2][status] POST https://upload-firebasehosting.googleapis.com/upload/sites/habbittracker-43106/versions/bf4458d4a3a99fb4/files/93392542206658a92f86da54253f8ffba418f8681c7d5e74a7ee864a5ebd2b57 200
[debug] [2026-10-04T16:36:58.980Z] <<< [apiv2][body] POST https://upload-firebasehosting.googleapis.com/upload/sites/habbittracker-43106/versions/bf4458d4a3a99fb4/files/93392542206658a92f86da54253f8ffba418f8681c7d5e74a7ee864a5ebd2b57 [stream]
[debug] [2026-10-04T16:36:58.987Z] <<< [apiv2][status] POST https://upload-firebasehosting.googleapis.com/upload/sites/habbittracker-43106/versions/bf4458d4a3a99fb4/files/f79c16a452fe8e29afe307e06d20a8f01e7c089b84d0ba1e64d14a3daf8a9e02 200
[debug] [2026-10-04T16:36:58.987Z] <<< [apiv2][body] POST https://upload-firebasehosting.googleapis.com/upload/sites/habbittracker-43106/versions/bf4458d4a3a99fb4/files/f79c16a452fe8e29afe307e06d20a8f01e7c089b84d0ba1e64d14a3daf8a9e02 [stream]
[debug] [2026-10-04T16:36:58.992Z] <<< [apiv2][status] POST https://upload-firebasehosting.googleapis.com/upload/sites/habbittracker-43106/versions/bf4458d4a3a99fb4/files/2fa56b89a41f3acad394e7401c514869e8d0f349c0921fa2d8335aa1bff7979f 200
[debug] [2026-10-04T16:36:58.993Z] <<< [apiv2][body] POST https://upload-firebasehosting.googleapis.com/upload/sites/habbittracker-43106/versions/bf4458d4a3a99fb4/files/2fa56b89a41f3acad394e7401c514869e8d0f349c0921fa2d8335aa1bff7979f [stream]
[debug] [2026-10-04T16:36:58.995Z] <<< [apiv2][status] POST https://upload-firebasehosting.googleapis.com/upload/sites/habbittracker-43106/versions/bf4458d4a3a99fb4/files/44dfbf4a09f9f3c1ba63083b6c95e4c26989040e5f8185d68d97c47c2b561cc3 200
[debug] [2026-10-04T16:36:58.996Z] <<< [apiv2][body] POST https://upload-firebasehosting.googleapis.com/upload/sites/habbittracker-43106/versions/bf4458d4a3a99fb4/files/44dfbf4a09f9f3c1ba63083b6c95e4c26989040e5f8185d68d97c47c2b561cc3 [stream]
[debug] [2026-10-04T16:36:59.024Z] <<< [apiv2][status] POST https://upload-firebasehosting.googleapis.com/upload/sites/habbittracker-43106/versions/bf4458d4a3a99fb4/files/cfaf9e22b512138f365bf7c8a77ec066bee12a553e320d3f4310f25fdc0af5ce 200
[debug] [2026-10-04T16:36:59.024Z] <<< [apiv2][body] POST https://upload-firebasehosting.googleapis.com/upload/sites/habbittracker-43106/versions/bf4458d4a3a99fb4/files/cfaf9e22b512138f365bf7c8a77ec066bee12a553e320d3f4310f25fdc0af5ce [stream]
[debug] [2026-10-04T16:36:59.024Z] <<< [apiv2][status] POST https://upload-firebasehosting.googleapis.com/upload/sites/habbittracker-43106/versions/bf4458d4a3a99fb4/files/19e48583889ebdf802717958af0082e7f19dd8352bb0296f23e012740857bdc7 200
[debug] [2026-10-04T16:36:59.024Z] <<< [apiv2][body] POST https://upload-firebasehosting.googleapis.com/upload/sites/habbittracker-43106/versions/bf4458d4a3a99fb4/files/19e48583889ebdf802717958af0082e7f19dd8352bb0296f23e012740857bdc7 [stream]
[debug] [2026-10-04T16:36:59.025Z] <<< [apiv2][status] POST https://upload-firebasehosting.googleapis.com/upload/sites/habbittracker-43106/versions/bf4458d4a3a99fb4/files/76a7521f437da6d63543477571c784828a5019d68959061df054587993b9d48e 200
[debug] [2026-10-04T16:36:59.025Z] <<< [apiv2][body] POST https://upload-firebasehosting.googleapis.com/upload/sites/habbittracker-43106/versions/bf4458d4a3a99fb4/files/76a7521f437da6d63543477571c784828a5019d68959061df054587993b9d48e [stream]
[debug] [2026-10-04T16:36:59.040Z] <<< [apiv2][status] POST https://upload-firebasehosting.googleapis.com/upload/sites/habbittracker-43106/versions/bf4458d4a3a99fb4/files/d74cde6e8b51a31d07a7ca01f758916227e5e6ccfc6958a9850e20f7361f6b17 200
[debug] [2026-10-04T16:36:59.040Z] <<< [apiv2][body] POST https://upload-firebasehosting.googleapis.com/upload/sites/habbittracker-43106/versions/bf4458d4a3a99fb4/files/d74cde6e8b51a31d07a7ca01f758916227e5e6ccfc6958a9850e20f7361f6b17 [stream]
[debug] [2026-10-04T16:36:59.043Z] <<< [apiv2][status] POST https://upload-firebasehosting.googleapis.com/upload/sites/habbittracker-43106/versions/bf4458d4a3a99fb4/files/f18ae7bc2418f9974ddcaa5714821f44ffb52c18f3e63113f8d34b7d9f83eb9f 200
[debug] [2026-10-04T16:36:59.043Z] <<< [apiv2][body] POST https://upload-firebasehosting.googleapis.com/upload/sites/habbittracker-43106/versions/bf4458d4a3a99fb4/files/f18ae7bc2418f9974ddcaa5714821f44ffb52c18f3e63113f8d34b7d9f83eb9f [stream]
[debug] [2026-10-04T16:36:59.044Z] <<< [apiv2][status] POST https://upload-firebasehosting.googleapis.com/upload/sites/habbittracker-43106/versions/bf4458d4a3a99fb4/files/7459de0ba738179eeb679e88ed9f5aae197861d3eed1d5b766fb20de114ef500 200
[debug] [2026-10-04T16:36:59.045Z] <<< [apiv2][body] POST https://upload-firebasehosting.googleapis.com/upload/sites/habbittracker-43106/versions/bf4458d4a3a99fb4/files/7459de0ba738179eeb679e88ed9f5aae197861d3eed1d5b766fb20de114ef500 [stream]
[debug] [2026-10-04T16:36:59.059Z] <<< [apiv2][status] POST https://upload-firebasehosting.googleapis.com/upload/sites/habbittracker-43106/versions/bf4458d4a3a99fb4/files/94a4a2596cea3480177f9c518286f315dae55abfb0592ddbec33eef8fad77a79 200
[debug] [2026-10-04T16:36:59.059Z] <<< [apiv2][body] POST https://upload-firebasehosting.googleapis.com/upload/sites/habbittracker-43106/versions/bf4458d4a3a99fb4/files/94a4a2596cea3480177f9c518286f315dae55abfb0592ddbec33eef8fad77a79 [stream]
[debug] [2026-10-04T16:36:59.081Z] <<< [apiv2][status] POST https://upload-firebasehosting.googleapis.com/upload/sites/habbittracker-43106/versions/bf4458d4a3a99fb4/files/a364427827212143a6d1b3cb9262985b71be82419d4f5bdcddaffb49c5b1ce99 200
[debug] [2026-10-04T16:36:59.081Z] <<< [apiv2][body] POST https://upload-firebasehosting.googleapis.com/upload/sites/habbittracker-43106/versions/bf4458d4a3a99fb4/files/a364427827212143a6d1b3cb9262985b71be82419d4f5bdcddaffb49c5b1ce99 [stream]
[debug] [2026-10-04T16:36:59.098Z] <<< [apiv2][status] POST https://upload-firebasehosting.googleapis.com/upload/sites/habbittracker-43106/versions/bf4458d4a3a99fb4/files/9eda4313646bee2c5a0498c026055c88c612a2a99ac596f0aa960501730bd0c2 200
[debug] [2026-10-04T16:36:59.098Z] <<< [apiv2][body] POST https://upload-firebasehosting.googleapis.com/upload/sites/habbittracker-43106/versions/bf4458d4a3a99fb4/files/9eda4313646bee2c5a0498c026055c88c612a2a99ac596f0aa960501730bd0c2 [stream]
[debug] [2026-10-04T16:36:59.099Z] <<< [apiv2][status] POST https://upload-firebasehosting.googleapis.com/upload/sites/habbittracker-43106/versions/bf4458d4a3a99fb4/files/08bc02253416f9d8865f8d87e1ef3da6368a22a0a9cd300dd426271e7245c702 200
[debug] [2026-10-04T16:36:59.099Z] <<< [apiv2][body] POST https://upload-firebasehosting.googleapis.com/upload/sites/habbittracker-43106/versions/bf4458d4a3a99fb4/files/08bc02253416f9d8865f8d87e1ef3da6368a22a0a9cd300dd426271e7245c702 [stream]
[debug] [2026-10-04T16:36:59.105Z] <<< [apiv2][status] POST https://upload-firebasehosting.googleapis.com/upload/sites/habbittracker-43106/versions/bf4458d4a3a99fb4/files/13eb1c8a6882ad926dd9d86b29a40f5a2732348db6cecf7aa332cfc08c183547 200
[debug] [2026-10-04T16:36:59.105Z] <<< [apiv2][body] POST https://upload-firebasehosting.googleapis.com/upload/sites/habbittracker-43106/versions/bf4458d4a3a99fb4/files/13eb1c8a6882ad926dd9d86b29a40f5a2732348db6cecf7aa332cfc08c183547 [stream]
[debug] [2026-10-04T16:36:59.108Z] <<< [apiv2][status] POST https://upload-firebasehosting.googleapis.com/upload/sites/habbittracker-43106/versions/bf4458d4a3a99fb4/files/39dfc5a1f6bc283bd7b3b15ef2bd3e339ce283631ddb18638d64efd67ca3b898 200
[debug] [2026-10-04T16:36:59.108Z] <<< [apiv2][body] POST https://upload-firebasehosting.googleapis.com/upload/sites/habbittracker-43106/versions/bf4458d4a3a99fb4/files/39dfc5a1f6bc283bd7b3b15ef2bd3e339ce283631ddb18638d64efd67ca3b898 [stream]
[debug] [2026-10-04T16:36:59.125Z] <<< [apiv2][status] POST https://upload-firebasehosting.googleapis.com/upload/sites/habbittracker-43106/versions/bf4458d4a3a99fb4/files/0530d821d786ad67746e46ae250ff429ac3fd6ffc2d14e83e2309b69ac1d3ecb 200
[debug] [2026-10-04T16:36:59.126Z] <<< [apiv2][body] POST https://upload-firebasehosting.googleapis.com/upload/sites/habbittracker-43106/versions/bf4458d4a3a99fb4/files/0530d821d786ad67746e46ae250ff429ac3fd6ffc2d14e83e2309b69ac1d3ecb [stream]
[debug] [2026-10-04T16:36:59.137Z] <<< [apiv2][status] POST https://upload-firebasehosting.googleapis.com/upload/sites/habbittracker-43106/versions/bf4458d4a3a99fb4/files/fadd977822b306e47e16b9e630565dbbcd540b62564fc531f2363873cdf4ba1a 200
[debug] [2026-10-04T16:36:59.137Z] <<< [apiv2][body] POST https://upload-firebasehosting.googleapis.com/upload/sites/habbittracker-43106/versions/bf4458d4a3a99fb4/files/fadd977822b306e47e16b9e630565dbbcd540b62564fc531f2363873cdf4ba1a [stream]
[debug] [2026-10-04T16:36:59.137Z] <<< [apiv2][status] POST https://upload-firebasehosting.googleapis.com/upload/sites/habbittracker-43106/versions/bf4458d4a3a99fb4/files/fdec4198feabf52bff01a439f0d3e052a0de15557eee949e25a0fc776d693ec9 200
[debug] [2026-10-04T16:36:59.138Z] <<< [apiv2][body] POST https://upload-firebasehosting.googleapis.com/upload/sites/habbittracker-43106/versions/bf4458d4a3a99fb4/files/fdec4198feabf52bff01a439f0d3e052a0de15557eee949e25a0fc776d693ec9 [stream]
[debug] [2026-10-04T16:36:59.158Z] <<< [apiv2][status] POST https://upload-firebasehosting.googleapis.com/upload/sites/habbittracker-43106/versions/bf4458d4a3a99fb4/files/767a412d2bfa8388be19770f344d943437fcd45ae95c8d3a618ef38367ea26de 200
[debug] [2026-10-04T16:36:59.159Z] <<< [apiv2][body] POST https://upload-firebasehosting.googleapis.com/upload/sites/habbittracker-43106/versions/bf4458d4a3a99fb4/files/767a412d2bfa8388be19770f344d943437fcd45ae95c8d3a618ef38367ea26de [stream]
